../Core/Src/main.c:76:6:TFT_Write	16	static
../Core/Src/main.c:82:6:TFT_SendCommand	16	static
../Core/Src/main.c:91:6:TFT_SendData	16	static
../Core/Src/main.c:100:6:TFT_Init	8	static
../Core/Src/main.c:120:6:TFT_Clear	24	static
../Core/Src/main.c:138:6:TFT_DrawGraph	24	static
../Core/Src/main.c:156:6:Process_Audio_Data	16	static
../Core/Src/main.c:169:7:Calculate_dB	32	static
../Core/Src/main.c:183:6:HAL_TIM_PeriodElapsedCallback	16	static
../Core/Src/main.c:191:6:HAL_DFSDM_FilterErrorCallback	16	static
../Core/Src/main.c:201:5:main	16	static
../Core/Src/main.c:253:6:SystemClock_Config	96	static
../Core/Src/main.c:307:6:Error_Handler	4	static,ignoring_inline_asm
